{
	"resources": [
		{
			"name": "Component.js"
		},
		{
			"name": "subfolder/xyz.js"
		}
	]
}
