{
	"resources": [
		{
			"name": "css/styles.css"
		}
	]
}
