{
	"resources": [
		{
			"name": "Component-dbg.js",
			"isDebug": "true"
		}
	]
}
