{
	"resources": [
		{
			"name": "themes/mytheme/xyz.js",
			"theme": "mytheme"
		}
	]
}
