{
	"resources": [
		{
			"name": "css/styles-dbg.css",
			"isDebug": "true"
		}
	]
}
