{
	"resources": [
		{
			"name": "i18n/i18n_en.properties",
			"raw": "i18n/i18n.properties",
			"locale": "en"
		}
	]
}
