{
	"resources": [
		{
			"name": "themes/mytheme/xyz.js",
			"theme": "mytheme"
		},
		{
			"name": "themes/mytheme/xyz.less",
			"designtime": true,
			"theme": "mytheme"
		},
		{
			"name": "xyz.control",
			"designtime": true
		},
		{
			"name": "xyz.designtime.js",
			"designtime": true
		},
		{
			"name": "xyz.interface",
			"designtime": true
		},
		{
			"name": "xyz.less"
		},
		{
			"name": "xyz.type",
			"designtime": true
		}
	]
}