{
	"resources": [
		{
			"name": "Component-preload.js",
			"merged": "true"
		}
	]
}
