{
	"resources": [
		{
			"name": "i18n/i18n_en_US_sappsd.properties",
			"raw": "i18n/i18n.properties",
			"locale": "en_US_sappsd"
		}
	]
}