{
	"resources": [
		{
			"name": "i18n/i18n.properties"
		}
	]
}
